[2026-03-01 14:49:16][train][INFO] Device: cpu
[2026-03-01 14:49:17][train][INFO] Classes (7): {'angry': 0, 'anxious': 1, 'happy': 2, 'hurt': 3, 'neutral': 4, 'sad': 5, 'surprised': 6}
[2026-03-01 14:49:17][train][INFO] AU regions (8): ['cheek_left', 'cheek_right', 'chin', 'eyes_left', 'eyes_right', 'forehead', 'mouth', 'nose']
[2026-03-01 14:56:21][train][INFO] Device: cpu
[2026-03-01 14:56:22][train][INFO] Classes (7): {'angry': 0, 'anxious': 1, 'happy': 2, 'hurt': 3, 'neutral': 4, 'sad': 5, 'surprised': 6}
[2026-03-01 14:56:22][train][INFO] AU regions (8): ['cheek_left', 'cheek_right', 'chin', 'eyes_left', 'eyes_right', 'forehead', 'mouth', 'nose']
[2026-03-01 15:08:47][train][INFO] Device: cpu
[2026-03-01 15:08:48][train][INFO] Classes (7): {'angry': 0, 'anxious': 1, 'happy': 2, 'hurt': 3, 'neutral': 4, 'sad': 5, 'surprised': 6}
[2026-03-01 15:08:48][train][INFO] AU regions (8): ['cheek_left', 'cheek_right', 'chin', 'eyes_left', 'eyes_right', 'forehead', 'mouth', 'nose']
[2026-03-01 15:12:16][train][INFO] Device: cuda
[2026-03-01 15:12:17][train][INFO] Classes (7): {'angry': 0, 'anxious': 1, 'happy': 2, 'hurt': 3, 'neutral': 4, 'sad': 5, 'surprised': 6}
[2026-03-01 15:12:17][train][INFO] AU regions (8): ['cheek_left', 'cheek_right', 'chin', 'eyes_left', 'eyes_right', 'forehead', 'mouth', 'nose']
[2026-03-01 15:22:48][train][INFO] [E001/200] train_loss=0.8188 acc=0.5065 | val_loss=1.4609 f1=0.4958 acc=0.5233 | lr=2.39e-04 | 567.7s/ep | ETA: 34h45m
[2026-03-01 15:22:49][train][INFO]   ★ New best F1: 0.4958
[2026-03-01 15:33:08][train][INFO] [E002/200] train_loss=0.6912 acc=0.5681 | val_loss=1.4576 f1=0.5327 acc=0.5539 | lr=8.23e-05 | 558.8s/ep | ETA: 34h20m
[2026-03-01 15:33:09][train][INFO]   ★ New best F1: 0.5327
[2026-03-01 15:43:33][train][INFO] [E003/200] train_loss=0.6306 acc=0.5971 | val_loss=1.4515 f1=0.5516 acc=0.5670 | lr=1.00e-06 | 563.6s/ep | ETA: 34h10m
[2026-03-01 15:43:34][train][INFO]   ★ New best F1: 0.5516
[2026-03-01 15:43:34][train][INFO] === Unfreezing backbone ===
[2026-03-01 15:54:09][train][INFO] [E004/200] train_loss=0.5979 acc=0.6141 | val_loss=1.3868 f1=0.5791 acc=0.5937 | lr=3.05e-06 | 575.0s/ep | ETA: 34h9m
[2026-03-01 15:54:10][train][INFO]   ★ New best F1: 0.5791
[2026-03-01 16:04:45][train][INFO] [E005/200] train_loss=0.5340 acc=0.6487 | val_loss=1.2960 f1=0.6176 acc=0.6299 | lr=6.09e-06 | 574.4s/ep | ETA: 34h4m
[2026-03-01 16:04:45][train][INFO]   ★ New best F1: 0.6176
[2026-03-01 16:15:23][train][INFO] [E006/200] train_loss=0.4662 acc=0.6846 | val_loss=1.1938 f1=0.6553 acc=0.6633 | lr=9.14e-06 | 577.5s/ep | ETA: 33h58m
[2026-03-01 16:15:24][train][INFO]   ★ New best F1: 0.6553
[2026-03-01 16:25:57][train][INFO] [E007/200] train_loss=0.4129 acc=0.7149 | val_loss=1.1400 f1=0.6793 acc=0.6838 | lr=1.22e-05 | 572.8s/ep | ETA: 33h50m
[2026-03-01 16:25:58][train][INFO]   ★ New best F1: 0.6793
[2026-03-01 16:36:34][train][INFO] [E008/200] train_loss=0.3714 acc=0.7378 | val_loss=1.1018 f1=0.6968 acc=0.7036 | lr=1.52e-05 | 575.1s/ep | ETA: 33h41m
[2026-03-01 16:36:35][train][INFO]   ★ New best F1: 0.6968
[2026-03-01 16:47:12][train][INFO] [E009/200] train_loss=0.3415 acc=0.7548 | val_loss=1.0960 f1=0.7113 acc=0.7151 | lr=1.83e-05 | 576.5s/ep | ETA: 33h33m
[2026-03-01 16:47:13][train][INFO]   ★ New best F1: 0.7113
[2026-03-01 16:57:37][train][INFO] [E010/200] train_loss=0.3161 acc=0.7698 | val_loss=0.9998 f1=0.7174 acc=0.7235 | lr=2.13e-05 | 563.2s/ep | ETA: 33h20m
[2026-03-01 16:57:37][train][INFO]   ★ New best F1: 0.7174
[2026-03-01 17:08:09][train][INFO] [E011/200] train_loss=0.2968 acc=0.7807 | val_loss=1.0152 f1=0.7306 acc=0.7298 | lr=2.44e-05 | 571.0s/ep | ETA: 33h10m
[2026-03-01 17:08:10][train][INFO]   ★ New best F1: 0.7306
[2026-03-01 17:18:47][train][INFO] [E012/200] train_loss=0.2804 acc=0.7912 | val_loss=0.9787 f1=0.7348 acc=0.7396 | lr=2.74e-05 | 576.2s/ep | ETA: 33h1m
[2026-03-01 17:18:48][train][INFO]   ★ New best F1: 0.7348
[2026-03-01 17:29:25][train][INFO] [E013/200] train_loss=0.2659 acc=0.7998 | val_loss=0.9786 f1=0.7456 acc=0.7459 | lr=3.00e-05 | 576.6s/ep | ETA: 32h52m
[2026-03-01 17:29:26][train][INFO]   ★ New best F1: 0.7456
[2026-03-01 17:39:55][train][INFO] [E014/200] train_loss=0.2494 acc=0.8096 | val_loss=0.9518 f1=0.7528 acc=0.7561 | lr=3.00e-05 | 568.4s/ep | ETA: 32h40m
[2026-03-01 17:39:56][train][INFO]   ★ New best F1: 0.7528
[2026-03-01 17:50:23][train][INFO] [E015/200] train_loss=0.2325 acc=0.8201 | val_loss=0.9062 f1=0.7531 acc=0.7582 | lr=3.00e-05 | 567.7s/ep | ETA: 32h29m
[2026-03-01 17:50:24][train][INFO]   ★ New best F1: 0.7531
[2026-03-01 18:00:57][train][INFO] [E016/200] train_loss=0.2177 acc=0.8283 | val_loss=0.9103 f1=0.7608 acc=0.7630 | lr=3.00e-05 | 572.7s/ep | ETA: 32h19m
[2026-03-01 18:00:58][train][INFO]   ★ New best F1: 0.7608
[2026-03-01 18:11:26][train][INFO] [E017/200] train_loss=0.2043 acc=0.8357 | val_loss=0.8952 f1=0.7671 acc=0.7691 | lr=3.00e-05 | 568.4s/ep | ETA: 32h8m
[2026-03-01 18:11:27][train][INFO]   ★ New best F1: 0.7671
[2026-03-01 18:22:02][train][INFO] [E018/200] train_loss=0.1926 acc=0.8425 | val_loss=0.8651 f1=0.7666 acc=0.7661 | lr=2.99e-05 | 574.3s/ep | ETA: 31h58m
[2026-03-01 18:32:41][train][INFO] [E019/200] train_loss=0.1828 acc=0.8482 | val_loss=0.8970 f1=0.7721 acc=0.7754 | lr=2.99e-05 | 578.2s/ep | ETA: 31h48m
[2026-03-01 18:32:42][train][INFO]   ★ New best F1: 0.7721
[2026-03-01 18:43:05][train][INFO] [E020/200] train_loss=0.1738 acc=0.8535 | val_loss=0.9022 f1=0.7736 acc=0.7745 | lr=2.99e-05 | 562.2s/ep | ETA: 31h36m
[2026-03-01 18:43:06][train][INFO]   ★ New best F1: 0.7736
[2026-03-01 18:53:29][train][INFO] [E021/200] train_loss=0.1654 acc=0.8590 | val_loss=0.8773 f1=0.7737 acc=0.7746 | lr=2.99e-05 | 561.5s/ep | ETA: 31h25m
[2026-03-01 18:53:30][train][INFO]   ★ New best F1: 0.7737
[2026-03-01 19:04:04][train][INFO] [E022/200] train_loss=0.1582 acc=0.8620 | val_loss=0.8750 f1=0.7752 acc=0.7775 | lr=2.98e-05 | 573.7s/ep | ETA: 31h15m
[2026-03-01 19:04:05][train][INFO]   ★ New best F1: 0.7752
[2026-03-01 19:14:36][train][INFO] [E023/200] train_loss=0.1519 acc=0.8667 | val_loss=0.8093 f1=0.7765 acc=0.7785 | lr=2.98e-05 | 570.8s/ep | ETA: 31h4m
[2026-03-01 19:14:37][train][INFO]   ★ New best F1: 0.7765
[2026-03-01 19:25:08][train][INFO] [E024/200] train_loss=0.1463 acc=0.8688 | val_loss=0.8295 f1=0.7780 acc=0.7806 | lr=2.97e-05 | 569.2s/ep | ETA: 30h53m
[2026-03-01 19:25:08][train][INFO]   ★ New best F1: 0.7780
[2026-03-01 19:35:40][train][INFO] [E025/200] train_loss=0.1403 acc=0.8728 | val_loss=0.8540 f1=0.7759 acc=0.7804 | lr=2.97e-05 | 572.1s/ep | ETA: 30h43m
[2026-03-01 19:46:16][train][INFO] [E026/200] train_loss=0.1353 acc=0.8757 | val_loss=0.8702 f1=0.7798 acc=0.7816 | lr=2.96e-05 | 574.7s/ep | ETA: 30h33m
[2026-03-01 19:46:17][train][INFO]   ★ New best F1: 0.7798
[2026-03-01 19:56:46][train][INFO] [E027/200] train_loss=0.1307 acc=0.8790 | val_loss=0.8506 f1=0.7771 acc=0.7801 | lr=2.96e-05 | 568.6s/ep | ETA: 30h22m
[2026-03-01 20:07:25][train][INFO] [E028/200] train_loss=0.1269 acc=0.8808 | val_loss=0.8233 f1=0.7814 acc=0.7850 | lr=2.95e-05 | 578.3s/ep | ETA: 30h12m
[2026-03-01 20:07:26][train][INFO]   ★ New best F1: 0.7814
[2026-03-01 20:17:59][train][INFO] [E029/200] train_loss=0.1225 acc=0.8846 | val_loss=0.8887 f1=0.7801 acc=0.7828 | lr=2.95e-05 | 572.3s/ep | ETA: 30h2m
[2026-03-01 20:28:37][train][INFO] [E030/200] train_loss=0.1187 acc=0.8857 | val_loss=0.8532 f1=0.7831 acc=0.7848 | lr=2.94e-05 | 577.2s/ep | ETA: 29h52m
[2026-03-01 20:28:38][train][INFO]   ★ New best F1: 0.7831
[2026-03-01 20:39:11][train][INFO] [E031/200] train_loss=0.1151 acc=0.8885 | val_loss=0.8383 f1=0.7841 acc=0.7861 | lr=2.93e-05 | 572.1s/ep | ETA: 29h41m
[2026-03-01 20:39:12][train][INFO]   ★ New best F1: 0.7841
[2026-03-01 20:49:49][train][INFO] [E032/200] train_loss=0.1119 acc=0.8909 | val_loss=0.8654 f1=0.7813 acc=0.7837 | lr=2.92e-05 | 577.1s/ep | ETA: 29h31m
[2026-03-01 21:00:22][train][INFO] [E033/200] train_loss=0.1085 acc=0.8930 | val_loss=0.8739 f1=0.7845 acc=0.7869 | lr=2.92e-05 | 572.5s/ep | ETA: 29h21m
[2026-03-01 21:00:23][train][INFO]   ★ New best F1: 0.7845
[2026-03-01 21:10:57][train][INFO] [E034/200] train_loss=0.1061 acc=0.8937 | val_loss=0.8530 f1=0.7836 acc=0.7855 | lr=2.91e-05 | 573.1s/ep | ETA: 29h10m
[2026-03-01 21:21:32][train][INFO] [E035/200] train_loss=0.1025 acc=0.8968 | val_loss=0.8519 f1=0.7833 acc=0.7857 | lr=2.90e-05 | 575.4s/ep | ETA: 29h0m
[2026-03-01 21:32:06][train][INFO] [E036/200] train_loss=0.0995 acc=0.8988 | val_loss=0.8747 f1=0.7839 acc=0.7854 | lr=2.89e-05 | 572.8s/ep | ETA: 28h50m
[2026-03-01 21:42:42][train][INFO] [E037/200] train_loss=0.0970 acc=0.9006 | val_loss=0.8061 f1=0.7862 acc=0.7880 | lr=2.88e-05 | 575.1s/ep | ETA: 28h39m
[2026-03-01 21:42:42][train][INFO]   ★ New best F1: 0.7862
[2026-03-01 21:53:18][train][INFO] [E038/200] train_loss=0.0944 acc=0.9026 | val_loss=0.8809 f1=0.7837 acc=0.7842 | lr=2.87e-05 | 575.5s/ep | ETA: 28h29m
[2026-03-01 22:03:54][train][INFO] [E039/200] train_loss=0.0923 acc=0.9047 | val_loss=0.8671 f1=0.7853 acc=0.7869 | lr=2.86e-05 | 575.4s/ep | ETA: 28h19m
[2026-03-01 22:14:32][train][INFO] [E040/200] train_loss=0.0892 acc=0.9063 | val_loss=0.9377 f1=0.7845 acc=0.7858 | lr=2.85e-05 | 578.2s/ep | ETA: 28h8m
[2026-03-01 22:25:14][train][INFO] [E041/200] train_loss=0.0874 acc=0.9077 | val_loss=0.8696 f1=0.7833 acc=0.7843 | lr=2.84e-05 | 581.3s/ep | ETA: 27h58m
[2026-03-01 22:35:40][train][INFO] [E042/200] train_loss=0.0854 acc=0.9100 | val_loss=0.8538 f1=0.7851 acc=0.7874 | lr=2.82e-05 | 565.6s/ep | ETA: 27h47m
[2026-03-01 22:46:18][train][INFO] [E043/200] train_loss=0.0828 acc=0.9110 | val_loss=0.8900 f1=0.7880 acc=0.7892 | lr=2.81e-05 | 576.7s/ep | ETA: 27h37m
[2026-03-01 22:46:18][train][INFO]   ★ New best F1: 0.7880
[2026-03-01 22:56:54][train][INFO] [E044/200] train_loss=0.0811 acc=0.9120 | val_loss=0.9011 f1=0.7833 acc=0.7851 | lr=2.80e-05 | 574.9s/ep | ETA: 27h27m
[2026-03-01 23:07:29][train][INFO] [E045/200] train_loss=0.0794 acc=0.9139 | val_loss=0.8881 f1=0.7866 acc=0.7879 | lr=2.79e-05 | 575.4s/ep | ETA: 27h16m
[2026-03-01 23:18:03][train][INFO] [E046/200] train_loss=0.0773 acc=0.9160 | val_loss=0.8828 f1=0.7860 acc=0.7882 | lr=2.77e-05 | 573.3s/ep | ETA: 27h6m
[2026-03-01 23:28:30][train][INFO] [E047/200] train_loss=0.0755 acc=0.9175 | val_loss=0.8722 f1=0.7845 acc=0.7875 | lr=2.76e-05 | 566.8s/ep | ETA: 26h55m
[2026-03-01 23:39:05][train][INFO] [E048/200] train_loss=0.0742 acc=0.9186 | val_loss=0.8362 f1=0.7848 acc=0.7870 | lr=2.75e-05 | 574.8s/ep | ETA: 26h44m
[2026-03-01 23:49:40][train][INFO] [E049/200] train_loss=0.0717 acc=0.9205 | val_loss=0.9056 f1=0.7825 acc=0.7837 | lr=2.73e-05 | 574.2s/ep | ETA: 26h34m
[2026-03-02 00:00:09][train][INFO] [E050/200] train_loss=0.0703 acc=0.9207 | val_loss=0.8768 f1=0.7834 acc=0.7857 | lr=2.72e-05 | 567.8s/ep | ETA: 26h23m
[2026-03-02 00:10:40][train][INFO] [E051/200] train_loss=0.0691 acc=0.9227 | val_loss=0.8980 f1=0.7853 acc=0.7872 | lr=2.70e-05 | 571.7s/ep | ETA: 26h12m
[2026-03-02 00:21:15][train][INFO] [E052/200] train_loss=0.0676 acc=0.9241 | val_loss=0.8571 f1=0.7817 acc=0.7853 | lr=2.69e-05 | 574.3s/ep | ETA: 26h2m
[2026-03-02 00:31:42][train][INFO] [E053/200] train_loss=0.0658 acc=0.9258 | val_loss=0.8927 f1=0.7833 acc=0.7858 | lr=2.67e-05 | 566.9s/ep | ETA: 25h51m
[2026-03-02 00:42:14][train][INFO] [E054/200] train_loss=0.0637 acc=0.9271 | val_loss=0.8995 f1=0.7869 acc=0.7896 | lr=2.66e-05 | 572.0s/ep | ETA: 25h40m
[2026-03-02 00:52:53][train][INFO] [E055/200] train_loss=0.0629 acc=0.9287 | val_loss=0.8871 f1=0.7879 acc=0.7885 | lr=2.64e-05 | 578.0s/ep | ETA: 25h30m
[2026-03-02 01:03:25][train][INFO] [E056/200] train_loss=0.0616 acc=0.9292 | val_loss=0.8873 f1=0.7869 acc=0.7871 | lr=2.62e-05 | 571.7s/ep | ETA: 25h19m
[2026-03-02 01:14:02][train][INFO] [E057/200] train_loss=0.0601 acc=0.9311 | val_loss=0.8948 f1=0.7852 acc=0.7868 | lr=2.61e-05 | 576.5s/ep | ETA: 25h9m
[2026-03-02 01:24:36][train][INFO] [E058/200] train_loss=0.0584 acc=0.9322 | val_loss=0.8427 f1=0.7829 acc=0.7846 | lr=2.59e-05 | 574.3s/ep | ETA: 24h59m
[2026-03-02 01:35:12][train][INFO] [E059/200] train_loss=0.0570 acc=0.9338 | val_loss=0.9117 f1=0.7805 acc=0.7834 | lr=2.57e-05 | 574.4s/ep | ETA: 24h48m
[2026-03-02 01:45:42][train][INFO] [E060/200] train_loss=0.0562 acc=0.9346 | val_loss=0.8410 f1=0.7850 acc=0.7859 | lr=2.55e-05 | 570.1s/ep | ETA: 24h37m
[2026-03-02 01:56:20][train][INFO] [E061/200] train_loss=0.0545 acc=0.9360 | val_loss=0.8389 f1=0.7885 acc=0.7899 | lr=2.54e-05 | 578.2s/ep | ETA: 24h27m
[2026-03-02 01:56:21][train][INFO]   ★ New best F1: 0.7885
[2026-03-02 02:06:59][train][INFO] [E062/200] train_loss=0.0537 acc=0.9369 | val_loss=0.8909 f1=0.7815 acc=0.7809 | lr=2.52e-05 | 577.5s/ep | ETA: 24h17m
[2026-03-02 02:17:34][train][INFO] [E063/200] train_loss=0.0526 acc=0.9383 | val_loss=0.8812 f1=0.7858 acc=0.7871 | lr=2.50e-05 | 574.4s/ep | ETA: 24h6m
[2026-03-02 02:28:08][train][INFO] [E064/200] train_loss=0.0512 acc=0.9395 | val_loss=0.8463 f1=0.7872 acc=0.7894 | lr=2.48e-05 | 573.4s/ep | ETA: 23h56m
[2026-03-02 02:38:34][train][INFO] [E065/200] train_loss=0.0499 acc=0.9410 | val_loss=0.8636 f1=0.7850 acc=0.7882 | lr=2.46e-05 | 566.0s/ep | ETA: 23h45m
[2026-03-02 02:49:12][train][INFO] [E066/200] train_loss=0.0491 acc=0.9417 | val_loss=0.8865 f1=0.7888 acc=0.7900 | lr=2.44e-05 | 577.8s/ep | ETA: 23h34m
[2026-03-02 02:49:13][train][INFO]   ★ New best F1: 0.7888
[2026-03-02 03:00:06][train][INFO] [E067/200] train_loss=0.0481 acc=0.9429 | val_loss=0.8561 f1=0.7850 acc=0.7860 | lr=2.42e-05 | 593.6s/ep | ETA: 23h24m
[2026-03-02 03:10:44][train][INFO] [E068/200] train_loss=0.0470 acc=0.9439 | val_loss=0.8665 f1=0.7888 acc=0.7904 | lr=2.40e-05 | 576.3s/ep | ETA: 23h14m
[2026-03-02 03:10:45][train][INFO]   ★ New best F1: 0.7888
[2026-03-02 03:21:20][train][INFO] [E069/200] train_loss=0.0462 acc=0.9451 | val_loss=0.9421 f1=0.7843 acc=0.7854 | lr=2.38e-05 | 575.2s/ep | ETA: 23h4m
[2026-03-02 03:31:54][train][INFO] [E070/200] train_loss=0.0453 acc=0.9459 | val_loss=0.8751 f1=0.7864 acc=0.7867 | lr=2.36e-05 | 573.2s/ep | ETA: 22h53m
[2026-03-02 03:42:30][train][INFO] [E071/200] train_loss=0.0441 acc=0.9477 | val_loss=0.8853 f1=0.7847 acc=0.7849 | lr=2.34e-05 | 576.1s/ep | ETA: 22h42m
[2026-03-02 03:53:10][train][INFO] [E072/200] train_loss=0.0432 acc=0.9481 | val_loss=0.9350 f1=0.7845 acc=0.7854 | lr=2.32e-05 | 579.2s/ep | ETA: 22h32m
[2026-03-02 04:03:45][train][INFO] [E073/200] train_loss=0.0421 acc=0.9489 | val_loss=0.9205 f1=0.7859 acc=0.7866 | lr=2.30e-05 | 574.2s/ep | ETA: 22h22m
[2026-03-02 04:14:14][train][INFO] [E074/200] train_loss=0.0412 acc=0.9501 | val_loss=0.9130 f1=0.7838 acc=0.7862 | lr=2.28e-05 | 568.7s/ep | ETA: 22h11m
[2026-03-02 04:24:46][train][INFO] [E075/200] train_loss=0.0406 acc=0.9510 | val_loss=0.8577 f1=0.7857 acc=0.7869 | lr=2.26e-05 | 572.4s/ep | ETA: 22h0m
[2026-03-02 04:35:24][train][INFO] [E076/200] train_loss=0.0397 acc=0.9520 | val_loss=0.8933 f1=0.7872 acc=0.7887 | lr=2.23e-05 | 577.1s/ep | ETA: 21h50m
[2026-03-02 04:46:00][train][INFO] [E077/200] train_loss=0.0387 acc=0.9531 | val_loss=0.8904 f1=0.7847 acc=0.7872 | lr=2.21e-05 | 575.7s/ep | ETA: 21h39m
[2026-03-02 04:56:27][train][INFO] [E078/200] train_loss=0.0378 acc=0.9542 | val_loss=0.9075 f1=0.7880 acc=0.7895 | lr=2.19e-05 | 565.4s/ep | ETA: 21h29m
[2026-03-02 05:06:58][train][INFO] [E079/200] train_loss=0.0375 acc=0.9543 | val_loss=0.8898 f1=0.7871 acc=0.7896 | lr=2.17e-05 | 571.2s/ep | ETA: 21h18m
[2026-03-02 05:17:28][train][INFO] [E080/200] train_loss=0.0363 acc=0.9559 | val_loss=0.8915 f1=0.7885 acc=0.7883 | lr=2.14e-05 | 569.2s/ep | ETA: 21h7m
[2026-03-02 05:28:05][train][INFO] [E081/200] train_loss=0.0361 acc=0.9566 | val_loss=0.8691 f1=0.7884 acc=0.7903 | lr=2.12e-05 | 576.8s/ep | ETA: 20h57m
[2026-03-02 05:38:33][train][INFO] [E082/200] train_loss=0.0350 acc=0.9574 | val_loss=0.9000 f1=0.7844 acc=0.7853 | lr=2.10e-05 | 567.3s/ep | ETA: 20h46m
[2026-03-02 05:49:06][train][INFO] [E083/200] train_loss=0.0347 acc=0.9578 | val_loss=0.9186 f1=0.7885 acc=0.7899 | lr=2.07e-05 | 572.2s/ep | ETA: 20h35m
[2026-03-02 05:59:34][train][INFO] [E084/200] train_loss=0.0335 acc=0.9592 | val_loss=0.9178 f1=0.7856 acc=0.7883 | lr=2.05e-05 | 566.8s/ep | ETA: 20h25m
[2026-03-02 06:10:05][train][INFO] [E085/200] train_loss=0.0330 acc=0.9598 | val_loss=0.8904 f1=0.7882 acc=0.7898 | lr=2.03e-05 | 570.2s/ep | ETA: 20h14m
[2026-03-02 06:20:38][train][INFO] [E086/200] train_loss=0.0319 acc=0.9609 | val_loss=0.9602 f1=0.7835 acc=0.7840 | lr=2.00e-05 | 572.3s/ep | ETA: 20h4m
[2026-03-02 06:31:12][train][INFO] [E087/200] train_loss=0.0319 acc=0.9616 | val_loss=0.9159 f1=0.7895 acc=0.7902 | lr=1.98e-05 | 573.3s/ep | ETA: 19h53m
[2026-03-02 06:31:12][train][INFO]   ★ New best F1: 0.7895
[2026-03-02 06:41:41][train][INFO] [E088/200] train_loss=0.0309 acc=0.9623 | val_loss=0.8940 f1=0.7892 acc=0.7908 | lr=1.96e-05 | 568.2s/ep | ETA: 19h42m
[2026-03-02 06:52:14][train][INFO] [E089/200] train_loss=0.0302 acc=0.9630 | val_loss=0.9198 f1=0.7882 acc=0.7897 | lr=1.93e-05 | 573.3s/ep | ETA: 19h32m
[2026-03-02 07:02:50][train][INFO] [E090/200] train_loss=0.0296 acc=0.9636 | val_loss=0.9061 f1=0.7869 acc=0.7889 | lr=1.91e-05 | 574.9s/ep | ETA: 19h21m
[2026-03-02 07:13:23][train][INFO] [E091/200] train_loss=0.0291 acc=0.9642 | val_loss=0.9279 f1=0.7890 acc=0.7895 | lr=1.88e-05 | 571.8s/ep | ETA: 19h11m
[2026-03-02 07:23:49][train][INFO] [E092/200] train_loss=0.0286 acc=0.9651 | val_loss=0.9187 f1=0.7888 acc=0.7914 | lr=1.86e-05 | 565.6s/ep | ETA: 19h0m
[2026-03-02 07:34:22][train][INFO] [E093/200] train_loss=0.0279 acc=0.9657 | val_loss=0.9263 f1=0.7866 acc=0.7883 | lr=1.84e-05 | 572.9s/ep | ETA: 18h49m
[2026-03-02 07:44:54][train][INFO] [E094/200] train_loss=0.0274 acc=0.9665 | val_loss=0.9456 f1=0.7861 acc=0.7878 | lr=1.81e-05 | 570.1s/ep | ETA: 18h39m
[2026-03-02 07:55:25][train][INFO] [E095/200] train_loss=0.0269 acc=0.9675 | val_loss=0.9282 f1=0.7882 acc=0.7884 | lr=1.79e-05 | 572.2s/ep | ETA: 18h28m
[2026-03-02 08:05:56][train][INFO] [E096/200] train_loss=0.0265 acc=0.9677 | val_loss=0.9058 f1=0.7884 acc=0.7893 | lr=1.76e-05 | 570.0s/ep | ETA: 18h18m
[2026-03-02 08:16:26][train][INFO] [E097/200] train_loss=0.0258 acc=0.9680 | val_loss=0.9228 f1=0.7873 acc=0.7880 | lr=1.74e-05 | 569.2s/ep | ETA: 18h7m
[2026-03-02 08:26:55][train][INFO] [E098/200] train_loss=0.0254 acc=0.9687 | val_loss=0.9435 f1=0.7883 acc=0.7909 | lr=1.71e-05 | 568.2s/ep | ETA: 17h56m
[2026-03-02 08:37:36][train][INFO] [E099/200] train_loss=0.0249 acc=0.9696 | val_loss=0.9342 f1=0.7872 acc=0.7896 | lr=1.69e-05 | 580.7s/ep | ETA: 17h46m
[2026-03-02 08:48:08][train][INFO] [E100/200] train_loss=0.0239 acc=0.9702 | val_loss=0.9258 f1=0.7846 acc=0.7876 | lr=1.66e-05 | 571.5s/ep | ETA: 17h35m
[2026-03-02 08:58:31][train][INFO] [E101/200] train_loss=0.0238 acc=0.9708 | val_loss=0.9320 f1=0.7879 acc=0.7891 | lr=1.64e-05 | 562.5s/ep | ETA: 17h25m
[2026-03-02 09:09:05][train][INFO] [E102/200] train_loss=0.0230 acc=0.9715 | val_loss=0.9141 f1=0.7903 acc=0.7913 | lr=1.61e-05 | 573.7s/ep | ETA: 17h14m
[2026-03-02 09:09:06][train][INFO]   ★ New best F1: 0.7903
[2026-03-02 09:19:32][train][INFO] [E103/200] train_loss=0.0227 acc=0.9720 | val_loss=0.9529 f1=0.7880 acc=0.7892 | lr=1.59e-05 | 566.1s/ep | ETA: 17h3m
[2026-03-02 09:30:05][train][INFO] [E104/200] train_loss=0.0222 acc=0.9730 | val_loss=0.9397 f1=0.7869 acc=0.7885 | lr=1.56e-05 | 571.7s/ep | ETA: 16h53m
[2026-03-02 09:40:37][train][INFO] [E105/200] train_loss=0.0219 acc=0.9730 | val_loss=0.9115 f1=0.7891 acc=0.7911 | lr=1.54e-05 | 572.3s/ep | ETA: 16h42m
[2026-03-02 09:51:14][train][INFO] [E106/200] train_loss=0.0211 acc=0.9741 | val_loss=0.9751 f1=0.7828 acc=0.7866 | lr=1.51e-05 | 576.5s/ep | ETA: 16h32m
[2026-03-02 10:01:44][train][INFO] [E107/200] train_loss=0.0211 acc=0.9741 | val_loss=0.9675 f1=0.7871 acc=0.7892 | lr=1.49e-05 | 570.2s/ep | ETA: 16h21m
[2026-03-02 10:12:13][train][INFO] [E108/200] train_loss=0.0201 acc=0.9752 | val_loss=0.9710 f1=0.7877 acc=0.7888 | lr=1.46e-05 | 567.7s/ep | ETA: 16h11m
[2026-03-02 10:22:47][train][INFO] [E109/200] train_loss=0.0200 acc=0.9751 | val_loss=1.0034 f1=0.7848 acc=0.7877 | lr=1.44e-05 | 573.4s/ep | ETA: 16h0m
[2026-03-02 10:33:24][train][INFO] [E110/200] train_loss=0.0196 acc=0.9760 | val_loss=0.9566 f1=0.7862 acc=0.7858 | lr=1.41e-05 | 577.0s/ep | ETA: 15h49m
[2026-03-02 10:43:51][train][INFO] [E111/200] train_loss=0.0192 acc=0.9765 | val_loss=0.9231 f1=0.7879 acc=0.7898 | lr=1.38e-05 | 567.3s/ep | ETA: 15h39m
[2026-03-02 10:54:17][train][INFO] [E112/200] train_loss=0.0187 acc=0.9771 | val_loss=0.9618 f1=0.7882 acc=0.7900 | lr=1.36e-05 | 564.4s/ep | ETA: 15h28m
[2026-03-02 11:04:49][train][INFO] [E113/200] train_loss=0.0183 acc=0.9774 | val_loss=0.9866 f1=0.7885 acc=0.7894 | lr=1.33e-05 | 572.1s/ep | ETA: 15h18m
[2026-03-02 11:15:25][train][INFO] [E114/200] train_loss=0.0180 acc=0.9780 | val_loss=0.9479 f1=0.7877 acc=0.7893 | lr=1.31e-05 | 575.4s/ep | ETA: 15h7m
[2026-03-02 11:26:00][train][INFO] [E115/200] train_loss=0.0173 acc=0.9782 | val_loss=0.9565 f1=0.7906 acc=0.7915 | lr=1.28e-05 | 575.7s/ep | ETA: 14h57m
[2026-03-02 11:26:01][train][INFO]   ★ New best F1: 0.7906
[2026-03-02 11:36:38][train][INFO] [E116/200] train_loss=0.0172 acc=0.9787 | val_loss=0.9508 f1=0.7902 acc=0.7912 | lr=1.26e-05 | 576.9s/ep | ETA: 14h46m
[2026-03-02 11:47:12][train][INFO] [E117/200] train_loss=0.0166 acc=0.9794 | val_loss=0.9698 f1=0.7875 acc=0.7883 | lr=1.24e-05 | 573.6s/ep | ETA: 14h36m
[2026-03-02 11:57:46][train][INFO] [E118/200] train_loss=0.0162 acc=0.9801 | val_loss=1.0007 f1=0.7879 acc=0.7901 | lr=1.21e-05 | 572.9s/ep | ETA: 14h25m
[2026-03-02 12:08:27][train][INFO] [E119/200] train_loss=0.0160 acc=0.9804 | val_loss=0.9416 f1=0.7886 acc=0.7898 | lr=1.19e-05 | 581.1s/ep | ETA: 14h15m
[2026-03-02 12:19:02][train][INFO] [E120/200] train_loss=0.0156 acc=0.9805 | val_loss=0.9669 f1=0.7870 acc=0.7899 | lr=1.16e-05 | 574.3s/ep | ETA: 14h4m
[2026-03-02 12:29:37][train][INFO] [E121/200] train_loss=0.0150 acc=0.9814 | val_loss=0.9767 f1=0.7876 acc=0.7895 | lr=1.14e-05 | 573.6s/ep | ETA: 13h53m
[2026-03-02 12:40:13][train][INFO] [E122/200] train_loss=0.0149 acc=0.9816 | val_loss=0.9652 f1=0.7891 acc=0.7914 | lr=1.11e-05 | 575.5s/ep | ETA: 13h43m
[2026-03-02 12:50:40][train][INFO] [E123/200] train_loss=0.0144 acc=0.9821 | val_loss=0.9496 f1=0.7903 acc=0.7907 | lr=1.09e-05 | 567.9s/ep | ETA: 13h32m
[2026-03-02 13:01:12][train][INFO] [E124/200] train_loss=0.0141 acc=0.9827 | val_loss=0.9948 f1=0.7890 acc=0.7911 | lr=1.06e-05 | 571.6s/ep | ETA: 13h22m
[2026-03-02 13:11:50][train][INFO] [E125/200] train_loss=0.0138 acc=0.9829 | val_loss=0.9505 f1=0.7900 acc=0.7913 | lr=1.04e-05 | 576.8s/ep | ETA: 13h11m
[2026-03-02 13:22:29][train][INFO] [E126/200] train_loss=0.0135 acc=0.9830 | val_loss=1.0093 f1=0.7886 acc=0.7902 | lr=1.02e-05 | 579.0s/ep | ETA: 13h1m
[2026-03-02 13:32:55][train][INFO] [E127/200] train_loss=0.0130 acc=0.9837 | val_loss=1.0004 f1=0.7891 acc=0.7912 | lr=9.92e-06 | 564.6s/ep | ETA: 12h50m
[2026-03-02 13:43:32][train][INFO] [E128/200] train_loss=0.0128 acc=0.9839 | val_loss=0.9804 f1=0.7879 acc=0.7893 | lr=9.69e-06 | 576.7s/ep | ETA: 12h40m
[2026-03-02 13:53:56][train][INFO] [E129/200] train_loss=0.0125 acc=0.9843 | val_loss=0.9490 f1=0.7907 acc=0.7915 | lr=9.45e-06 | 563.1s/ep | ETA: 12h29m
[2026-03-02 13:53:57][train][INFO]   ★ New best F1: 0.7907
[2026-03-02 14:04:29][train][INFO] [E130/200] train_loss=0.0121 acc=0.9845 | val_loss=1.0366 f1=0.7889 acc=0.7905 | lr=9.22e-06 | 571.7s/ep | ETA: 12h18m
[2026-03-02 14:15:03][train][INFO] [E131/200] train_loss=0.0118 acc=0.9851 | val_loss=1.0134 f1=0.7930 acc=0.7933 | lr=8.99e-06 | 572.7s/ep | ETA: 12h8m
[2026-03-02 14:15:04][train][INFO]   ★ New best F1: 0.7930
[2026-03-02 14:25:41][train][INFO] [E132/200] train_loss=0.0117 acc=0.9854 | val_loss=1.0139 f1=0.7874 acc=0.7890 | lr=8.76e-06 | 575.6s/ep | ETA: 11h57m
[2026-03-02 14:36:11][train][INFO] [E133/200] train_loss=0.0111 acc=0.9859 | val_loss=0.9954 f1=0.7905 acc=0.7917 | lr=8.53e-06 | 569.4s/ep | ETA: 11h47m
[2026-03-02 14:46:37][train][INFO] [E134/200] train_loss=0.0110 acc=0.9861 | val_loss=0.9556 f1=0.7908 acc=0.7920 | lr=8.30e-06 | 565.8s/ep | ETA: 11h36m
[2026-03-02 14:57:07][train][INFO] [E135/200] train_loss=0.0105 acc=0.9866 | val_loss=1.0251 f1=0.7892 acc=0.7914 | lr=8.08e-06 | 569.3s/ep | ETA: 11h26m
[2026-03-02 15:07:38][train][INFO] [E136/200] train_loss=0.0103 acc=0.9867 | val_loss=1.0010 f1=0.7894 acc=0.7920 | lr=7.86e-06 | 570.2s/ep | ETA: 11h15m
[2026-03-02 15:18:10][train][INFO] [E137/200] train_loss=0.0100 acc=0.9872 | val_loss=1.0224 f1=0.7885 acc=0.7915 | lr=7.63e-06 | 571.6s/ep | ETA: 11h4m
[2026-03-02 15:28:43][train][INFO] [E138/200] train_loss=0.0099 acc=0.9873 | val_loss=1.0190 f1=0.7880 acc=0.7891 | lr=7.42e-06 | 571.7s/ep | ETA: 10h54m
[2026-03-02 15:39:18][train][INFO] [E139/200] train_loss=0.0096 acc=0.9876 | val_loss=0.9611 f1=0.7894 acc=0.7894 | lr=7.20e-06 | 574.7s/ep | ETA: 10h43m
[2026-03-02 15:49:50][train][INFO] [E140/200] train_loss=0.0094 acc=0.9880 | val_loss=1.0534 f1=0.7885 acc=0.7915 | lr=6.99e-06 | 570.8s/ep | ETA: 10h33m
[2026-03-02 16:00:28][train][INFO] [E141/200] train_loss=0.0090 acc=0.9884 | val_loss=1.0317 f1=0.7905 acc=0.7934 | lr=6.77e-06 | 577.4s/ep | ETA: 10h22m
[2026-03-02 16:11:00][train][INFO] [E142/200] train_loss=0.0087 acc=0.9887 | val_loss=1.0499 f1=0.7917 acc=0.7938 | lr=6.57e-06 | 572.0s/ep | ETA: 10h12m
[2026-03-02 16:21:32][train][INFO] [E143/200] train_loss=0.0083 acc=0.9893 | val_loss=1.0722 f1=0.7908 acc=0.7925 | lr=6.36e-06 | 572.0s/ep | ETA: 10h1m
[2026-03-02 16:32:07][train][INFO] [E144/200] train_loss=0.0083 acc=0.9892 | val_loss=1.0540 f1=0.7907 acc=0.7930 | lr=6.15e-06 | 574.4s/ep | ETA: 9h51m
[2026-03-02 16:42:42][train][INFO] [E145/200] train_loss=0.0081 acc=0.9894 | val_loss=1.0399 f1=0.7889 acc=0.7914 | lr=5.95e-06 | 575.0s/ep | ETA: 9h40m
[2026-03-02 16:53:10][train][INFO] [E146/200] train_loss=0.0078 acc=0.9899 | val_loss=1.0502 f1=0.7926 acc=0.7937 | lr=5.75e-06 | 566.6s/ep | ETA: 9h29m
[2026-03-02 17:03:45][train][INFO] [E147/200] train_loss=0.0076 acc=0.9900 | val_loss=1.1333 f1=0.7880 acc=0.7902 | lr=5.56e-06 | 574.6s/ep | ETA: 9h19m
[2026-03-02 17:14:20][train][INFO] [E148/200] train_loss=0.0074 acc=0.9904 | val_loss=1.0527 f1=0.7916 acc=0.7933 | lr=5.36e-06 | 575.0s/ep | ETA: 9h8m
[2026-03-02 17:24:48][train][INFO] [E149/200] train_loss=0.0071 acc=0.9904 | val_loss=1.0968 f1=0.7890 acc=0.7913 | lr=5.17e-06 | 567.1s/ep | ETA: 8h58m
[2026-03-02 17:35:24][train][INFO] [E150/200] train_loss=0.0068 acc=0.9907 | val_loss=1.0387 f1=0.7935 acc=0.7954 | lr=4.98e-06 | 575.3s/ep | ETA: 8h47m
[2026-03-02 17:35:25][train][INFO]   ★ New best F1: 0.7935
[2026-03-02 17:45:55][train][INFO] [E151/200] train_loss=0.0066 acc=0.9910 | val_loss=1.0474 f1=0.7926 acc=0.7945 | lr=4.79e-06 | 569.9s/ep | ETA: 8h37m
[2026-03-02 17:56:27][train][INFO] [E152/200] train_loss=0.0064 acc=0.9915 | val_loss=1.0595 f1=0.7908 acc=0.7928 | lr=4.61e-06 | 570.9s/ep | ETA: 8h26m
[2026-03-02 18:06:56][train][INFO] [E153/200] train_loss=0.0064 acc=0.9914 | val_loss=1.0970 f1=0.7918 acc=0.7932 | lr=4.43e-06 | 568.0s/ep | ETA: 8h15m
[2026-03-02 18:17:24][train][INFO] [E154/200] train_loss=0.0062 acc=0.9916 | val_loss=1.0590 f1=0.7933 acc=0.7953 | lr=4.25e-06 | 568.2s/ep | ETA: 8h5m
[2026-03-02 18:27:55][train][INFO] [E155/200] train_loss=0.0058 acc=0.9920 | val_loss=1.1013 f1=0.7890 acc=0.7914 | lr=4.08e-06 | 570.3s/ep | ETA: 7h54m
[2026-03-02 18:38:31][train][INFO] [E156/200] train_loss=0.0057 acc=0.9922 | val_loss=1.1032 f1=0.7937 acc=0.7951 | lr=3.91e-06 | 576.1s/ep | ETA: 7h44m
[2026-03-02 18:38:32][train][INFO]   ★ New best F1: 0.7937
[2026-03-02 18:49:08][train][INFO] [E157/200] train_loss=0.0055 acc=0.9923 | val_loss=1.1237 f1=0.7912 acc=0.7935 | lr=3.74e-06 | 576.0s/ep | ETA: 7h33m
[2026-03-02 18:59:46][train][INFO] [E158/200] train_loss=0.0054 acc=0.9923 | val_loss=1.1233 f1=0.7927 acc=0.7942 | lr=3.58e-06 | 576.8s/ep | ETA: 7h23m
[2026-03-02 19:10:12][train][INFO] [E159/200] train_loss=0.0051 acc=0.9928 | val_loss=1.1338 f1=0.7914 acc=0.7926 | lr=3.41e-06 | 565.6s/ep | ETA: 7h12m
[2026-03-02 19:20:50][train][INFO] [E160/200] train_loss=0.0051 acc=0.9929 | val_loss=1.1445 f1=0.7916 acc=0.7930 | lr=3.26e-06 | 576.8s/ep | ETA: 7h2m
[2026-03-02 19:31:22][train][INFO] [E161/200] train_loss=0.0048 acc=0.9930 | val_loss=1.1730 f1=0.7929 acc=0.7940 | lr=3.10e-06 | 571.3s/ep | ETA: 6h51m
[2026-03-02 19:41:58][train][INFO] [E162/200] train_loss=0.0047 acc=0.9933 | val_loss=1.1452 f1=0.7930 acc=0.7943 | lr=2.95e-06 | 575.7s/ep | ETA: 6h41m
[2026-03-02 19:52:26][train][INFO] [E163/200] train_loss=0.0045 acc=0.9936 | val_loss=1.1685 f1=0.7936 acc=0.7954 | lr=2.80e-06 | 567.4s/ep | ETA: 6h30m
[2026-03-02 20:02:53][train][INFO] [E164/200] train_loss=0.0044 acc=0.9936 | val_loss=1.1507 f1=0.7939 acc=0.7959 | lr=2.66e-06 | 566.1s/ep | ETA: 6h19m
[2026-03-02 20:02:54][train][INFO]   ★ New best F1: 0.7939
[2026-03-02 20:13:31][train][INFO] [E165/200] train_loss=0.0042 acc=0.9937 | val_loss=1.1728 f1=0.7924 acc=0.7936 | lr=2.52e-06 | 577.6s/ep | ETA: 6h9m
[2026-03-02 20:24:09][train][INFO] [E166/200] train_loss=0.0040 acc=0.9940 | val_loss=1.1939 f1=0.7917 acc=0.7935 | lr=2.38e-06 | 576.5s/ep | ETA: 5h58m
[2026-03-02 20:34:43][train][INFO] [E167/200] train_loss=0.0040 acc=0.9941 | val_loss=1.1848 f1=0.7943 acc=0.7951 | lr=2.24e-06 | 573.5s/ep | ETA: 5h48m
[2026-03-02 20:34:44][train][INFO]   ★ New best F1: 0.7943
[2026-03-02 20:45:21][train][INFO] [E168/200] train_loss=0.0037 acc=0.9943 | val_loss=1.1832 f1=0.7932 acc=0.7947 | lr=2.11e-06 | 577.9s/ep | ETA: 5h37m
[2026-03-02 20:55:48][train][INFO] [E169/200] train_loss=0.0037 acc=0.9944 | val_loss=1.1899 f1=0.7928 acc=0.7949 | lr=1.99e-06 | 565.7s/ep | ETA: 5h27m
[2026-03-02 21:06:19][train][INFO] [E170/200] train_loss=0.0036 acc=0.9943 | val_loss=1.2009 f1=0.7933 acc=0.7950 | lr=1.86e-06 | 571.1s/ep | ETA: 5h16m
[2026-03-02 21:16:58][train][INFO] [E171/200] train_loss=0.0035 acc=0.9946 | val_loss=1.1968 f1=0.7931 acc=0.7952 | lr=1.74e-06 | 577.9s/ep | ETA: 5h6m
[2026-03-02 21:27:28][train][INFO] [E172/200] train_loss=0.0034 acc=0.9948 | val_loss=1.2307 f1=0.7941 acc=0.7948 | lr=1.63e-06 | 570.1s/ep | ETA: 4h55m
[2026-03-02 21:37:56][train][INFO] [E173/200] train_loss=0.0031 acc=0.9948 | val_loss=1.2467 f1=0.7930 acc=0.7946 | lr=1.51e-06 | 567.1s/ep | ETA: 4h44m
[2026-03-02 21:48:34][train][INFO] [E174/200] train_loss=0.0031 acc=0.9950 | val_loss=1.2311 f1=0.7938 acc=0.7951 | lr=1.41e-06 | 578.1s/ep | ETA: 4h34m
[2026-03-02 21:59:05][train][INFO] [E175/200] train_loss=0.0030 acc=0.9952 | val_loss=1.2245 f1=0.7934 acc=0.7954 | lr=1.30e-06 | 570.9s/ep | ETA: 4h23m
[2026-03-02 22:09:34][train][INFO] [E176/200] train_loss=0.0029 acc=0.9953 | val_loss=1.2391 f1=0.7933 acc=0.7953 | lr=1.20e-06 | 568.1s/ep | ETA: 4h13m
[2026-03-02 22:20:05][train][INFO] [E177/200] train_loss=0.0027 acc=0.9953 | val_loss=1.2304 f1=0.7942 acc=0.7956 | lr=1.10e-06 | 570.9s/ep | ETA: 4h2m
[2026-03-02 22:30:34][train][INFO] [E178/200] train_loss=0.0028 acc=0.9953 | val_loss=1.2558 f1=0.7940 acc=0.7957 | lr=1.01e-06 | 568.0s/ep | ETA: 3h52m
[2026-03-02 22:41:13][train][INFO] [E179/200] train_loss=0.0027 acc=0.9954 | val_loss=1.2658 f1=0.7943 acc=0.7954 | lr=1.00e-06 | 578.8s/ep | ETA: 3h41m
[2026-03-02 22:51:44][train][INFO] [E180/200] train_loss=0.0026 acc=0.9957 | val_loss=1.2730 f1=0.7935 acc=0.7950 | lr=1.00e-06 | 570.4s/ep | ETA: 3h31m
[2026-03-02 23:02:13][train][INFO] [E181/200] train_loss=0.0027 acc=0.9955 | val_loss=1.2936 f1=0.7937 acc=0.7955 | lr=1.00e-06 | 568.7s/ep | ETA: 3h20m
[2026-03-02 23:12:51][train][INFO] [E182/200] train_loss=0.0026 acc=0.9956 | val_loss=1.2723 f1=0.7946 acc=0.7957 | lr=1.00e-06 | 578.0s/ep | ETA: 3h9m
[2026-03-02 23:12:52][train][INFO]   ★ New best F1: 0.7946
[2026-03-02 23:23:25][train][INFO] [E183/200] train_loss=0.0025 acc=0.9956 | val_loss=1.2974 f1=0.7938 acc=0.7955 | lr=1.00e-06 | 573.0s/ep | ETA: 2h59m
[2026-03-02 23:33:58][train][INFO] [E184/200] train_loss=0.0025 acc=0.9956 | val_loss=1.2816 f1=0.7934 acc=0.7950 | lr=1.00e-06 | 572.3s/ep | ETA: 2h48m
[2026-03-02 23:44:34][train][INFO] [E185/200] train_loss=0.0024 acc=0.9956 | val_loss=1.2991 f1=0.7944 acc=0.7959 | lr=1.00e-06 | 577.1s/ep | ETA: 2h38m
[2026-03-02 23:55:07][train][INFO] [E186/200] train_loss=0.0024 acc=0.9957 | val_loss=1.3010 f1=0.7938 acc=0.7955 | lr=1.00e-06 | 571.4s/ep | ETA: 2h27m
[2026-03-03 00:05:35][train][INFO] [E187/200] train_loss=0.0024 acc=0.9958 | val_loss=1.3117 f1=0.7936 acc=0.7954 | lr=1.00e-06 | 567.3s/ep | ETA: 2h17m
[2026-03-03 00:16:12][train][INFO] [E188/200] train_loss=0.0024 acc=0.9957 | val_loss=1.2936 f1=0.7942 acc=0.7958 | lr=1.00e-06 | 577.0s/ep | ETA: 2h6m
[2026-03-03 00:26:45][train][INFO] [E189/200] train_loss=0.0024 acc=0.9957 | val_loss=1.3103 f1=0.7941 acc=0.7962 | lr=1.00e-06 | 572.3s/ep | ETA: 1h56m
[2026-03-03 00:37:21][train][INFO] [E190/200] train_loss=0.0024 acc=0.9959 | val_loss=1.3097 f1=0.7934 acc=0.7952 | lr=1.00e-06 | 575.3s/ep | ETA: 1h45m
[2026-03-03 00:47:51][train][INFO] [E191/200] train_loss=0.0024 acc=0.9957 | val_loss=1.2988 f1=0.7942 acc=0.7960 | lr=1.00e-06 | 569.4s/ep | ETA: 1h34m
[2026-03-03 00:58:23][train][INFO] [E192/200] train_loss=0.0024 acc=0.9958 | val_loss=1.2918 f1=0.7949 acc=0.7965 | lr=1.00e-06 | 570.7s/ep | ETA: 1h24m
[2026-03-03 00:58:24][train][INFO]   ★ New best F1: 0.7949
[2026-03-03 01:08:51][train][INFO] [E193/200] train_loss=0.0023 acc=0.9959 | val_loss=1.3050 f1=0.7936 acc=0.7957 | lr=1.00e-06 | 567.7s/ep | ETA: 1h13m
[2026-03-03 01:19:20][train][INFO] [E194/200] train_loss=0.0024 acc=0.9958 | val_loss=1.3071 f1=0.7942 acc=0.7957 | lr=1.00e-06 | 568.3s/ep | ETA: 1h3m
[2026-03-03 01:29:55][train][INFO] [E195/200] train_loss=0.0024 acc=0.9958 | val_loss=1.3047 f1=0.7948 acc=0.7969 | lr=1.00e-06 | 574.3s/ep | ETA: 52m45s
[2026-03-03 01:40:33][train][INFO] [E196/200] train_loss=0.0024 acc=0.9958 | val_loss=1.2959 f1=0.7953 acc=0.7966 | lr=1.00e-06 | 577.5s/ep | ETA: 42m12s
[2026-03-03 01:40:34][train][INFO]   ★ New best F1: 0.7953
[2026-03-03 01:51:04][train][INFO] [E197/200] train_loss=0.0024 acc=0.9959 | val_loss=1.3030 f1=0.7938 acc=0.7956 | lr=1.00e-06 | 570.5s/ep | ETA: 31m39s
[2026-03-03 02:01:37][train][INFO] [E198/200] train_loss=0.0023 acc=0.9959 | val_loss=1.3083 f1=0.7924 acc=0.7945 | lr=1.00e-06 | 571.8s/ep | ETA: 21m6s
[2026-03-03 02:12:06][train][INFO] [E199/200] train_loss=0.0024 acc=0.9959 | val_loss=1.3099 f1=0.7933 acc=0.7949 | lr=1.00e-06 | 568.1s/ep | ETA: 10m33s
[2026-03-03 02:22:45][train][INFO] [E200/200] train_loss=0.0022 acc=0.9961 | val_loss=1.3017 f1=0.7939 acc=0.7954 | lr=1.00e-06 | 578.1s/ep | ETA: 0m0s
[2026-03-03 02:22:45][train][INFO] [DONE] Best macro-F1 = 0.7953 | Total time: 35.2h
[2026-03-03 02:22:45][train][INFO] === Generating paper-grade artifacts ===
